[{text=first new line, start=0, length=14, contains=false}, {text=second! separated., start=16, length=18, contains=true}, {text=by, a dot, start=35, length=9, contains=false}, {text=third separated,, start=46, length=16, contains=true}, {text=by a punctuation, start=63, length=16, contains=false}, {text=forth separated, start=81, length=15, contains=true}, {text=by a space, start=97, length=10, contains=false}, {text=fifthIsToLongAndForc, start=109, length=20, contains=false}, {text=edToSeparateAtTheLim, start=129, length=20, contains=false}, {text=it, start=149, length=2, contains=false}]